Archive member included to satisfy reference by file (symbol)

C:/Toolchain/arm-gnu-toolchain-14.2.rel1-mingw-w64-x86_64-arm-none-eabi/bin/../lib/gcc/arm-none-eabi/14.2.1/thumb/v7-a+simd/softfp\libgcc.a(_divsi3.o)
                              Object/rme_benchmark.o (__aeabi_idiv)
C:/Toolchain/arm-gnu-toolchain-14.2.rel1-mingw-w64-x86_64-arm-none-eabi/bin/../lib/gcc/arm-none-eabi/14.2.1/thumb/v7-a+simd/softfp\libgcc.a(_dvmd_tls.o)
                              C:/Toolchain/arm-gnu-toolchain-14.2.rel1-mingw-w64-x86_64-arm-none-eabi/bin/../lib/gcc/arm-none-eabi/14.2.1/thumb/v7-a+simd/softfp\libgcc.a(_divsi3.o) (__aeabi_idiv0)

Discarded input sections

 .group         0x00000000        0xc Object/main.o
 .group         0x00000000        0xc Object/main.o
 .group         0x00000000        0xc Object/main.o
 .group         0x00000000        0xc Object/main.o
 .group         0x00000000        0xc Object/main.o
 .group         0x00000000        0xc Object/main.o
 .group         0x00000000        0xc Object/main.o
 .group         0x00000000        0xc Object/main.o
 .group         0x00000000        0xc Object/main.o
 .group         0x00000000        0xc Object/main.o
 .group         0x00000000        0xc Object/main.o
 .text          0x00000000        0x0 Object/main.o
 .data          0x00000000        0x0 Object/main.o
 .bss           0x00000000        0x0 Object/main.o
 .rodata.RME_A7A_Pgflg_1M_RME2NAT
                0x00000000       0x80 Object/main.o
 .rodata.RME_A7A_Pgflg_4K_RME2NAT
                0x00000000       0x80 Object/main.o
 .rodata.RME_A7A_Pgflg_1M_NAT2RME
                0x00000000       0x40 Object/main.o
 .rodata.RME_A7A_Pgflg_4K_NAT2RME
                0x00000000       0x40 Object/main.o
 .bss.RME_A7A_Timestamp
                0x00000000        0x4 Object/main.o
 .bss.RME_A7A_Local
                0x00000000      0x114 Object/main.o
 .bss.RME_A7A_Kot
                0x00000000   0x800000 Object/main.o
 .rodata.RME_A7A_Mem_Info
                0x00000000       0x64 Object/main.o
 .bss.RME_A7A_CPU_Cnt
                0x00000000        0x4 Object/main.o
 .rodata        0x00000000        0xd Object/main.o
 .text.main     0x00000000       0x20 Object/main.o
 .debug_info    0x00000000      0x68d Object/main.o
 .debug_abbrev  0x00000000      0x10f Object/main.o
 .debug_aranges
                0x00000000       0x20 Object/main.o
 .debug_rnglists
                0x00000000       0x13 Object/main.o
 .debug_macro   0x00000000       0x8d Object/main.o
 .debug_macro   0x00000000      0xac6 Object/main.o
 .debug_macro   0x00000000       0xd1 Object/main.o
 .debug_macro   0x00000000      0x152 Object/main.o
 .debug_macro   0x00000000      0x38b Object/main.o
 .debug_macro   0x00000000      0x18b Object/main.o
 .debug_macro   0x00000000      0x756 Object/main.o
 .debug_macro   0x00000000      0x273 Object/main.o
 .debug_macro   0x00000000       0x19 Object/main.o
 .debug_macro   0x00000000       0x19 Object/main.o
 .debug_macro   0x00000000       0x35 Object/main.o
 .debug_macro   0x00000000       0x35 Object/main.o
 .debug_line    0x00000000      0x140 Object/main.o
 .debug_str     0x00000000     0x9fb5 Object/main.o
 .comment       0x00000000       0x46 Object/main.o
 .debug_frame   0x00000000       0x2c Object/main.o
 .ARM.attributes
                0x00000000       0x39 Object/main.o
 .group         0x00000000        0xc Object/rme_benchmark.o
 .group         0x00000000        0xc Object/rme_benchmark.o
 .group         0x00000000        0xc Object/rme_benchmark.o
 .text          0x00000000        0x0 Object/rme_benchmark.o
 .data          0x00000000        0x0 Object/rme_benchmark.o
 .bss           0x00000000        0x0 Object/rme_benchmark.o
 .bss.RME_Stack2
                0x00000000     0x2000 Object/rme_benchmark.o
 .bss.RME_Stack3
                0x00000000     0x2000 Object/rme_benchmark.o
 .bss.RME_Stack4
                0x00000000     0x2000 Object/rme_benchmark.o
 .bss.RME_Stack5
                0x00000000     0x2000 Object/rme_benchmark.o
 .bss.Time      0x00000000     0x4e20 Object/rme_benchmark.o
 .bss.RME_Bench_Buf
                0x00000000      0x400 Object/rme_benchmark.o
 .text.USR_DBG_H
                0x00000000      0x108 Object/rme_benchmark.o
 .text.RME_Sig_Crt
                0x00000000       0x3c Object/rme_benchmark.o
 .text.RME_Sig_Del
                0x00000000       0x3c Object/rme_benchmark.o
 .text.RME_Sig_Snd
                0x00000000       0x34 Object/rme_benchmark.o
 .text.RME_Sig_Rcv
                0x00000000       0x38 Object/rme_benchmark.o
 .text._RME_Tsc_Init
                0x00000000       0x18 Object/rme_benchmark.o
 .text.RME_Thd_Create
                0x00000000      0x128 Object/rme_benchmark.o
 .text.RME_Same_Prc_Thd_Sig_Test_Thd_send
                0x00000000       0x2c Object/rme_benchmark.o
 .text.RME_Same_Prc_Thd_Sig_Test_Thd_recv
                0x00000000       0x4c Object/rme_benchmark.o
 .text.RME_Same_Prc_Thd_Sig_Test_Thd_main
                0x00000000       0x64 Object/rme_benchmark.o
 .text.RME_Same_Prc_Thd_Sig_Testinit
                0x00000000      0x104 Object/rme_benchmark.o
 .text.RME_Diff_Prc_Thd_Switch_Test_Thd
                0x00000000       0x30 Object/rme_benchmark.o
 .text.RME_Diff_Prc_Thd_Switch_Test
                0x00000000       0x74 Object/rme_benchmark.o
 .debug_macro   0x00000000      0xac6 Object/rme_benchmark.o
 .debug_macro   0x00000000      0x756 Object/rme_benchmark.o
 .data          0x00000000        0x0 Object/rme_benchmark_asm.o
 .bss           0x00000000        0x0 Object/rme_benchmark_asm.o
 .group         0x00000000        0xc Object/rme_kernel.o
 .group         0x00000000        0xc Object/rme_kernel.o
 .group         0x00000000        0xc Object/rme_kernel.o
 .group         0x00000000        0xc Object/rme_kernel.o
 .group         0x00000000        0xc Object/rme_kernel.o
 .group         0x00000000        0xc Object/rme_kernel.o
 .group         0x00000000        0xc Object/rme_kernel.o
 .group         0x00000000        0xc Object/rme_kernel.o
 .group         0x00000000        0xc Object/rme_kernel.o
 .group         0x00000000        0xc Object/rme_kernel.o
 .group         0x00000000        0xc Object/rme_kernel.o
 .text          0x00000000        0x0 Object/rme_kernel.o
 .data          0x00000000        0x0 Object/rme_kernel.o
 .bss           0x00000000        0x0 Object/rme_kernel.o
 .text.RME_Int_Print
                0x00000000      0x17c Object/rme_kernel.o
 .text.RME_Hex_Print
                0x00000000      0x108 Object/rme_kernel.o
 .text.RME_Str_Print
                0x00000000       0x7c Object/rme_kernel.o
 .rodata        0x00000000      0x103 Object/rme_kernel.o
 .text.RME_Log  0x00000000       0x84 Object/rme_kernel.o
 .text._RME_MSB_Generic
                0x00000000       0x94 Object/rme_kernel.o
 .text._RME_LSB_Generic
                0x00000000       0xa8 Object/rme_kernel.o
 .text._RME_Comp_Swap_Single
                0x00000000       0x54 Object/rme_kernel.o
 .text._RME_Fetch_Add_Single
                0x00000000       0x4c Object/rme_kernel.o
 .text._RME_Fetch_And_Single
                0x00000000       0x48 Object/rme_kernel.o
 .text._RME_List_Crt
                0x00000000       0x38 Object/rme_kernel.o
 .text._RME_List_Del
                0x00000000       0x3c Object/rme_kernel.o
 .text._RME_List_Ins
                0x00000000       0x58 Object/rme_kernel.o
 .text._RME_Clear
                0x00000000       0x64 Object/rme_kernel.o
 .text._RME_Memcmp
                0x00000000       0xb8 Object/rme_kernel.o
 .text._RME_Memcpy
                0x00000000       0x78 Object/rme_kernel.o
 .text._RME_Diff
                0x00000000       0x60 Object/rme_kernel.o
 .text.RME_Kmain
                0x00000000       0x30 Object/rme_kernel.o
 .text._RME_Lowlvl_Check
                0x00000000       0x1c Object/rme_kernel.o
 .text._RME_Svc_Handler
                0x00000000      0x8b8 Object/rme_kernel.o
 .rodata._RME_Svc_Handler
                0x00000000       0x80 Object/rme_kernel.o
 .text._RME_Tim_Handler
                0x00000000       0xbc Object/rme_kernel.o
 .text._RME_Tim_Elapse
                0x00000000       0x7c Object/rme_kernel.o
 .text._RME_Tim_Future
                0x00000000       0x28 Object/rme_kernel.o
 .text._RME_Cpt_Boot_Init
                0x00000000      0x108 Object/rme_kernel.o
 .text._RME_Cpt_Boot_Crt
                0x00000000      0x310 Object/rme_kernel.o
 .text._RME_Cpt_Crt
                0x00000000      0x540 Object/rme_kernel.o
 .text._RME_Cpt_Del
                0x00000000      0x3d8 Object/rme_kernel.o
 .text._RME_Cpt_Frz
                0x00000000      0x2c0 Object/rme_kernel.o
 .text._RME_Cpt_Add
                0x00000000      0x860 Object/rme_kernel.o
 .text._RME_Cpt_Rem
                0x00000000      0x300 Object/rme_kernel.o
 .text._RME_Pgt_Boot_Crt
                0x00000000      0x388 Object/rme_kernel.o
 .text._RME_Pgt_Boot_Add
                0x00000000      0x258 Object/rme_kernel.o
 .text._RME_Pgt_Boot_Con
                0x00000000      0x434 Object/rme_kernel.o
 .text._RME_Pgt_Crt
                0x00000000      0x59c Object/rme_kernel.o
 .text._RME_Pgt_Del
                0x00000000      0x39c Object/rme_kernel.o
 .text._RME_Pgt_Add
                0x00000000      0x4f0 Object/rme_kernel.o
 .text._RME_Pgt_Rem
                0x00000000      0x22c Object/rme_kernel.o
 .text._RME_Pgt_Con
                0x00000000      0x4a8 Object/rme_kernel.o
 .text._RME_Pgt_Des
                0x00000000      0x458 Object/rme_kernel.o
 .text._RME_Kot_Init
                0x00000000       0x74 Object/rme_kernel.o
 .text._RME_Kot_Mark
                0x00000000      0x344 Object/rme_kernel.o
 .text._RME_Kot_Erase
                0x00000000      0x264 Object/rme_kernel.o
 .text._RME_Kom_Boot_Crt
                0x00000000      0x2d4 Object/rme_kernel.o
 .text._RME_CPU_Local_Init
                0x00000000       0xb0 Object/rme_kernel.o
 .text._RME_Thd_Fatal
                0x00000000       0xec Object/rme_kernel.o
 .text._RME_Run_Ins
                0x00000000       0xdc Object/rme_kernel.o
 .text._RME_Run_Del
                0x00000000       0xf8 Object/rme_kernel.o
 .text._RME_Run_High
                0x00000000       0xd8 Object/rme_kernel.o
 .text._RME_Run_Notif
                0x00000000       0x80 Object/rme_kernel.o
 .text._RME_Thd_Pgt
                0x00000000       0x74 Object/rme_kernel.o
 .text._RME_Run_Swt
                0x00000000      0x100 Object/rme_kernel.o
 .text._RME_Prc_Boot_Crt
                0x00000000      0x628 Object/rme_kernel.o
 .text._RME_Prc_Crt
                0x00000000      0x628 Object/rme_kernel.o
 .text._RME_Prc_Del
                0x00000000      0x344 Object/rme_kernel.o
 .text._RME_Prc_Cpt
                0x00000000      0x3e0 Object/rme_kernel.o
 .text._RME_Prc_Pgt
                0x00000000      0x3e0 Object/rme_kernel.o
 .text._RME_Thd_Boot_Crt
                0x00000000      0x570 Object/rme_kernel.o
 .text._RME_Thd_Crt
                0x00000000      0x7d4 Object/rme_kernel.o
 .text._RME_Thd_Del
                0x00000000      0x47c Object/rme_kernel.o
 .text._RME_Thd_Sched_Bind
                0x00000000      0x7b0 Object/rme_kernel.o
 .text._RME_Thd_Sched_Free
                0x00000000      0x3b8 Object/rme_kernel.o
 .text._RME_Thd_Exec_Set
                0x00000000      0x29c Object/rme_kernel.o
 .text._RME_Thd_Sched_Prio
                0x00000000      0x4e4 Object/rme_kernel.o
 .text._RME_Thd_Sched_Rcv
                0x00000000      0x2ac Object/rme_kernel.o
 .text._RME_Thd_Time_Xfer
                0x00000000      0x61c Object/rme_kernel.o
 .text._RME_Thd_Swt
                0x00000000      0x3f8 Object/rme_kernel.o
 .text._RME_Sig_Boot_Crt
                0x00000000      0x27c Object/rme_kernel.o
 .text._RME_Sig_Crt
                0x00000000      0x27c Object/rme_kernel.o
 .text._RME_Sig_Del
                0x00000000      0x334 Object/rme_kernel.o
 .text._RME_Kern_High
                0x00000000       0xfc Object/rme_kernel.o
 .text._RME_Kern_Snd
                0x00000000      0x11c Object/rme_kernel.o
 .text._RME_Sig_Snd
                0x00000000      0x310 Object/rme_kernel.o
 .text._RME_Sig_Rcv
                0x00000000      0x434 Object/rme_kernel.o
 .rodata._RME_Sig_Rcv
                0x00000000       0x10 Object/rme_kernel.o
 .text._RME_Inv_Crt
                0x00000000      0x6ac Object/rme_kernel.o
 .text._RME_Inv_Del
                0x00000000      0x398 Object/rme_kernel.o
 .text._RME_Inv_Set
                0x00000000      0x1f4 Object/rme_kernel.o
 .text._RME_Inv_Act
                0x00000000      0x2f0 Object/rme_kernel.o
 .text._RME_Inv_Ret
                0x00000000      0x21c Object/rme_kernel.o
 .text._RME_Kfn_Boot_Crt
                0x00000000      0x268 Object/rme_kernel.o
 .text._RME_Kfn_Act
                0x00000000      0x204 Object/rme_kernel.o
 .rodata.Table.1
                0x00000000      0x100 Object/rme_kernel.o
 .rodata.Table.0
                0x00000000      0x100 Object/rme_kernel.o
 .debug_info    0x00000000     0x330b Object/rme_kernel.o
 .debug_abbrev  0x00000000      0x2d4 Object/rme_kernel.o
 .debug_aranges
                0x00000000      0x290 Object/rme_kernel.o
 .debug_rnglists
                0x00000000      0x226 Object/rme_kernel.o
 .debug_macro   0x00000000       0xa5 Object/rme_kernel.o
 .debug_macro   0x00000000      0xac6 Object/rme_kernel.o
 .debug_macro   0x00000000       0xd1 Object/rme_kernel.o
 .debug_macro   0x00000000      0x152 Object/rme_kernel.o
 .debug_macro   0x00000000      0x38b Object/rme_kernel.o
 .debug_macro   0x00000000      0x18b Object/rme_kernel.o
 .debug_macro   0x00000000      0x756 Object/rme_kernel.o
 .debug_macro   0x00000000      0x273 Object/rme_kernel.o
 .debug_macro   0x00000000       0x19 Object/rme_kernel.o
 .debug_macro   0x00000000       0x19 Object/rme_kernel.o
 .debug_macro   0x00000000       0x35 Object/rme_kernel.o
 .debug_macro   0x00000000       0x35 Object/rme_kernel.o
 .debug_line    0x00000000     0x4565 Object/rme_kernel.o
 .debug_str     0x00000000     0xabd4 Object/rme_kernel.o
 .comment       0x00000000       0x46 Object/rme_kernel.o
 .debug_frame   0x00000000      0xaa0 Object/rme_kernel.o
 .ARM.attributes
                0x00000000       0x39 Object/rme_kernel.o
 .text          0x00000000       0x50 Object/u.o
 .data          0x00000000        0x0 Object/u.o
 .bss           0x00000000        0x0 Object/u.o
 .debug_line    0x00000000       0x55 Object/u.o
 .debug_line_str
                0x00000000       0x1d Object/u.o
 .debug_info    0x00000000       0x24 Object/u.o
 .debug_abbrev  0x00000000       0x14 Object/u.o
 .debug_aranges
                0x00000000       0x20 Object/u.o
 .debug_str     0x00000000       0x2b Object/u.o
 .ARM.attributes
                0x00000000       0x27 Object/u.o
 .data          0x00000000        0x0 C:/Toolchain/arm-gnu-toolchain-14.2.rel1-mingw-w64-x86_64-arm-none-eabi/bin/../lib/gcc/arm-none-eabi/14.2.1/thumb/v7-a+simd/softfp\libgcc.a(_divsi3.o)
 .bss           0x00000000        0x0 C:/Toolchain/arm-gnu-toolchain-14.2.rel1-mingw-w64-x86_64-arm-none-eabi/bin/../lib/gcc/arm-none-eabi/14.2.1/thumb/v7-a+simd/softfp\libgcc.a(_divsi3.o)
 .data          0x00000000        0x0 C:/Toolchain/arm-gnu-toolchain-14.2.rel1-mingw-w64-x86_64-arm-none-eabi/bin/../lib/gcc/arm-none-eabi/14.2.1/thumb/v7-a+simd/softfp\libgcc.a(_dvmd_tls.o)
 .bss           0x00000000        0x0 C:/Toolchain/arm-gnu-toolchain-14.2.rel1-mingw-w64-x86_64-arm-none-eabi/bin/../lib/gcc/arm-none-eabi/14.2.1/thumb/v7-a+simd/softfp\libgcc.a(_dvmd_tls.o)

Memory Configuration

Name             Origin             Length             Attributes
*default*        0x00000000         0xffffffff

Linker script and memory map

LOAD Object/main.o
LOAD Object/rme_benchmark.o
LOAD Object/rme_benchmark_asm.o
LOAD Object/rme_kernel.o
LOAD Object/u.o
LOAD C:/Toolchain/arm-gnu-toolchain-14.2.rel1-mingw-w64-x86_64-arm-none-eabi/bin/../lib/gcc/arm-none-eabi/14.2.1/thumb/v7-a+simd/softfp\libc_nano.a
LOAD C:/Toolchain/arm-gnu-toolchain-14.2.rel1-mingw-w64-x86_64-arm-none-eabi/bin/../lib/gcc/arm-none-eabi/14.2.1/thumb/v7-a+simd/softfp\libnosys.a
START GROUP
LOAD C:/Toolchain/arm-gnu-toolchain-14.2.rel1-mingw-w64-x86_64-arm-none-eabi/bin/../lib/gcc/arm-none-eabi/14.2.1/thumb/v7-a+simd/softfp\libgcc.a
LOAD C:/Toolchain/arm-gnu-toolchain-14.2.rel1-mingw-w64-x86_64-arm-none-eabi/bin/../lib/gcc/arm-none-eabi/14.2.1/thumb/v7-a+simd/softfp\libg_nano.a
LOAD C:/Toolchain/arm-gnu-toolchain-14.2.rel1-mingw-w64-x86_64-arm-none-eabi/bin/../lib/gcc/arm-none-eabi/14.2.1/thumb/v7-a+simd/softfp\libc_nano.a
END GROUP
START GROUP
LOAD C:/Toolchain/arm-gnu-toolchain-14.2.rel1-mingw-w64-x86_64-arm-none-eabi/bin/../lib/gcc/arm-none-eabi/14.2.1/thumb/v7-a+simd/softfp\libgcc.a
LOAD C:/Toolchain/arm-gnu-toolchain-14.2.rel1-mingw-w64-x86_64-arm-none-eabi/bin/../lib/gcc/arm-none-eabi/14.2.1/thumb/v7-a+simd/softfp\libc_nano.a
LOAD C:/Toolchain/arm-gnu-toolchain-14.2.rel1-mingw-w64-x86_64-arm-none-eabi/bin/../lib/gcc/arm-none-eabi/14.2.1/thumb/v7-a+simd/softfp\libnosys.a
END GROUP
START GROUP
LOAD C:/Toolchain/arm-gnu-toolchain-14.2.rel1-mingw-w64-x86_64-arm-none-eabi/bin/../lib/gcc/arm-none-eabi/14.2.1/thumb/v7-a+simd/softfp\libgcc.a
LOAD C:/Toolchain/arm-gnu-toolchain-14.2.rel1-mingw-w64-x86_64-arm-none-eabi/bin/../lib/gcc/arm-none-eabi/14.2.1/thumb/v7-a+simd/softfp\libc_nano.a
LOAD C:/Toolchain/arm-gnu-toolchain-14.2.rel1-mingw-w64-x86_64-arm-none-eabi/bin/../lib/gcc/arm-none-eabi/14.2.1/thumb/v7-a+simd/softfp\libnosys.a
END GROUP
                0x08004000                        . = 0x8004000

.text           0x08004000      0x924
 *rme_benchmark_asm.o(.text .text.*)
 .text          0x08004000       0x78 Object/rme_benchmark_asm.o
                0x08004000                RME_Entry
                0x08004008                RME_Deadloop
                0x08004020                RME_Thd_Stub
                0x08004028                RME_Inv_Stub
                0x08004030                RME_Svc
                0x08004064                __user_setup_stackheap
 *(.text .text.*)
 .text.__USR_Putchar
                0x08004078       0x50 Object/rme_benchmark.o
                0x08004078                __USR_Putchar
 .text.USR_DBG_I
                0x080040c8      0x17c Object/rme_benchmark.o
                0x080040c8                USR_DBG_I
 .text.USR_DBG_S
                0x08004244       0x7c Object/rme_benchmark.o
                0x08004244                USR_DBG_S
 .text.get_time
                0x080042c0       0x30 Object/rme_benchmark.o
                0x080042c0                get_time
 .text.RME_Thd_Crt
                0x080042f0       0x70 Object/rme_benchmark.o
                0x080042f0                RME_Thd_Crt
 .text.RME_Thd_Exec_Set
                0x08004360       0x44 Object/rme_benchmark.o
                0x08004360                RME_Thd_Exec_Set
 .text.RME_Thd_Time_Xfer
                0x080043a4       0x3c Object/rme_benchmark.o
                0x080043a4                RME_Thd_Time_Xfer
 .text.RME_Thd_Sched_Bind
                0x080043e0       0x64 Object/rme_benchmark.o
                0x080043e0                RME_Thd_Sched_Bind
 .text.RME_Thd_Swt
                0x08004444       0x38 Object/rme_benchmark.o
                0x08004444                RME_Thd_Swt
 .text.RME_Same_Prc_Thd_Switch_Test_Thd
                0x0800447c       0x24 Object/rme_benchmark.o
                0x0800447c                RME_Same_Prc_Thd_Switch_Test_Thd
 .text.RME_Same_Prc_Thd_Switch_Test
                0x080044a0      0x194 Object/rme_benchmark.o
                0x080044a0                RME_Same_Prc_Thd_Switch_Test
 .text.RME_Benchmark
                0x08004634       0x38 Object/rme_benchmark.o
                0x08004634                RME_Benchmark
 *fill*         0x0800466c        0x4 
 .text          0x08004670      0x2b0 C:/Toolchain/arm-gnu-toolchain-14.2.rel1-mingw-w64-x86_64-arm-none-eabi/bin/../lib/gcc/arm-none-eabi/14.2.1/thumb/v7-a+simd/softfp\libgcc.a(_divsi3.o)
                0x08004670                __divsi3
                0x08004670                __aeabi_idiv
                0x08004904                __aeabi_idivmod
 .text          0x08004920        0x4 C:/Toolchain/arm-gnu-toolchain-14.2.rel1-mingw-w64-x86_64-arm-none-eabi/bin/../lib/gcc/arm-none-eabi/14.2.1/thumb/v7-a+simd/softfp\libgcc.a(_dvmd_tls.o)
                0x08004920                __aeabi_idiv0
                0x08004920                __aeabi_ldiv0
                [!provide]                        PROVIDE (etext = .)

.rodata         0x08004924      0x229
 .rodata        0x08004924      0x229 Object/rme_benchmark.o

.glue_7         0x08004b50        0x0
 .glue_7        0x08004b50        0x0 linker stubs

.glue_7t        0x08004b50        0x0
 .glue_7t       0x08004b50        0x0 linker stubs

.vfp11_veneer   0x08004b50        0x0
 .vfp11_veneer  0x08004b50        0x0 linker stubs

.v4_bx          0x08004b50        0x0
 .v4_bx         0x08004b50        0x0 linker stubs

.iplt           0x08004b50        0x0
 .iplt          0x08004b50        0x0 Object/rme_benchmark.o

.rel.dyn        0x08004b50        0x0
 .rel.iplt      0x08004b50        0x0 Object/rme_benchmark.o
                0x08005000                        . = ALIGN (0x1000)

.data
 *(.data .data.*)

.igot.plt       0x08005000        0x0
 .igot.plt      0x08005000        0x0 Object/rme_benchmark.o

.bss            0x08005000     0x200c
 *(.bss .bss.*)
 .bss.RME_Stack1
                0x08005000     0x2000 Object/rme_benchmark.o
                0x08005000                RME_Stack1
 .bss.Cur_addr  0x08007000        0x4 Object/rme_benchmark.o
                0x08007000                Cur_addr
 .bss.start     0x08007004        0x4 Object/rme_benchmark.o
                0x08007004                start
 .bss.end       0x08007008        0x4 Object/rme_benchmark.o
                0x08007008                end
                [!provide]                        PROVIDE (edata = .)
                0x08008000                        . = ALIGN (0x1000)
                [!provide]                        PROVIDE (end = .)
                0x00000001                        ASSERT ((. < 0x80f00000), Kernel size exceeded the limit, may need to adjust memory configs)
OUTPUT(Object/BENCHMARK.elf elf32-littlearm)
LOAD linker stubs

.debug_info     0x00000000      0x8e0
 .debug_info    0x00000000      0x8bc Object/rme_benchmark.o
 .debug_info    0x000008bc       0x24 Object/rme_benchmark_asm.o

.debug_abbrev   0x00000000      0x283
 .debug_abbrev  0x00000000      0x26f Object/rme_benchmark.o
 .debug_abbrev  0x0000026f       0x14 Object/rme_benchmark_asm.o

.debug_aranges  0x00000000      0x100
 .debug_aranges
                0x00000000       0xe0 Object/rme_benchmark.o
 .debug_aranges
                0x000000e0       0x20 Object/rme_benchmark_asm.o

.debug_rnglists
                0x00000000       0xa8
 .debug_rnglists
                0x00000000       0xa8 Object/rme_benchmark.o

.debug_macro    0x00000000      0x27b
 .debug_macro   0x00000000       0x23 Object/rme_benchmark.o
 .debug_macro   0x00000023      0x258 Object/rme_benchmark.o

.debug_line     0x00000000      0x4fe
 .debug_line    0x00000000      0x48b Object/rme_benchmark.o
 .debug_line    0x0000048b       0x73 Object/rme_benchmark_asm.o

.debug_str      0x00000000     0x606e
 .debug_str     0x00000000     0x606e Object/rme_benchmark.o
                               0x608e (size before relaxing)
 .debug_str     0x0000606e       0x42 Object/rme_benchmark_asm.o

.comment        0x00000000       0x45
 .comment       0x00000000       0x45 Object/rme_benchmark.o
                                 0x46 (size before relaxing)

.ARM.attributes
                0x00000000       0x37
 .ARM.attributes
                0x00000000       0x39 Object/rme_benchmark.o
 .ARM.attributes
                0x00000039       0x27 Object/rme_benchmark_asm.o
 .ARM.attributes
                0x00000060       0x23 C:/Toolchain/arm-gnu-toolchain-14.2.rel1-mingw-w64-x86_64-arm-none-eabi/bin/../lib/gcc/arm-none-eabi/14.2.1/thumb/v7-a+simd/softfp\libgcc.a(_divsi3.o)
 .ARM.attributes
                0x00000083       0x23 C:/Toolchain/arm-gnu-toolchain-14.2.rel1-mingw-w64-x86_64-arm-none-eabi/bin/../lib/gcc/arm-none-eabi/14.2.1/thumb/v7-a+simd/softfp\libgcc.a(_dvmd_tls.o)

.debug_frame    0x00000000      0x330
 .debug_frame   0x00000000      0x310 Object/rme_benchmark.o
 .debug_frame   0x00000310       0x20 C:/Toolchain/arm-gnu-toolchain-14.2.rel1-mingw-w64-x86_64-arm-none-eabi/bin/../lib/gcc/arm-none-eabi/14.2.1/thumb/v7-a+simd/softfp\libgcc.a(_divsi3.o)

.debug_line_str
                0x00000000      0x108
 .debug_line_str
                0x00000000      0x108 Object/rme_benchmark_asm.o
                                 0x34 (size before relaxing)
 .debug_line_str
                0x00000108       0xd4 C:/Toolchain/arm-gnu-toolchain-14.2.rel1-mingw-w64-x86_64-arm-none-eabi/bin/../lib/gcc/arm-none-eabi/14.2.1/thumb/v7-a+simd/softfp\libgcc.a(_divsi3.o)
 .debug_line_str
                0x00000108       0xd4 C:/Toolchain/arm-gnu-toolchain-14.2.rel1-mingw-w64-x86_64-arm-none-eabi/bin/../lib/gcc/arm-none-eabi/14.2.1/thumb/v7-a+simd/softfp\libgcc.a(_dvmd_tls.o)

Cross Reference Table

Symbol                                            File
Cur_addr                                          Object/rme_benchmark.o
RME_A7A_CPU_Cnt                                   Object/main.o
RME_A7A_Kot                                       Object/main.o
                                                  Object/rme_kernel.o
RME_A7A_Local                                     Object/main.o
                                                  Object/rme_kernel.o
RME_A7A_Mem_Info                                  Object/main.o
RME_A7A_Timestamp                                 Object/main.o
                                                  Object/rme_kernel.o
RME_Bench_Buf                                     Object/rme_benchmark.o
RME_Benchmark                                     Object/rme_benchmark.o
                                                  Object/rme_benchmark_asm.o
RME_Deadloop                                      Object/rme_benchmark_asm.o
RME_Diff_Prc_Thd_Switch_Test                      Object/rme_benchmark.o
RME_Diff_Prc_Thd_Switch_Test_Thd                  Object/rme_benchmark.o
RME_Entry                                         Object/rme_benchmark_asm.o
RME_Hex_Print                                     Object/rme_kernel.o
RME_Int_Print                                     Object/rme_kernel.o
RME_Inv_Stub                                      Object/rme_benchmark_asm.o
RME_Kmain                                         Object/rme_kernel.o
RME_Log                                           Object/rme_kernel.o
RME_Same_Prc_Thd_Sig_Test_Thd_main                Object/rme_benchmark.o
RME_Same_Prc_Thd_Sig_Test_Thd_recv                Object/rme_benchmark.o
RME_Same_Prc_Thd_Sig_Test_Thd_send                Object/rme_benchmark.o
RME_Same_Prc_Thd_Sig_Testinit                     Object/rme_benchmark.o
RME_Same_Prc_Thd_Switch_Test                      Object/rme_benchmark.o
RME_Same_Prc_Thd_Switch_Test_Thd                  Object/rme_benchmark.o
RME_Sig_Crt                                       Object/rme_benchmark.o
RME_Sig_Del                                       Object/rme_benchmark.o
RME_Sig_Rcv                                       Object/rme_benchmark.o
RME_Sig_Snd                                       Object/rme_benchmark.o
RME_Stack1                                        Object/rme_benchmark.o
RME_Stack2                                        Object/rme_benchmark.o
RME_Stack3                                        Object/rme_benchmark.o
RME_Stack4                                        Object/rme_benchmark.o
RME_Stack5                                        Object/rme_benchmark.o
RME_Str_Print                                     Object/rme_kernel.o
                                                  Object/main.o
RME_Svc                                           Object/rme_benchmark_asm.o
                                                  Object/rme_benchmark.o
RME_Thd_Create                                    Object/rme_benchmark.o
RME_Thd_Crt                                       Object/rme_benchmark.o
RME_Thd_Exec_Set                                  Object/rme_benchmark.o
RME_Thd_Sched_Bind                                Object/rme_benchmark.o
RME_Thd_Stub                                      Object/rme_benchmark_asm.o
                                                  Object/rme_benchmark.o
RME_Thd_Swt                                       Object/rme_benchmark.o
RME_Thd_Time_Xfer                                 Object/rme_benchmark.o
Time                                              Object/rme_benchmark.o
USR_DBG_H                                         Object/rme_benchmark.o
USR_DBG_I                                         Object/rme_benchmark.o
USR_DBG_S                                         Object/rme_benchmark.o
_RME_CPU_Local_Init                               Object/rme_kernel.o
_RME_Clear                                        Object/rme_kernel.o
_RME_Comp_Swap_Single                             Object/rme_kernel.o
_RME_Cpt_Boot_Crt                                 Object/rme_kernel.o
_RME_Cpt_Boot_Init                                Object/rme_kernel.o
_RME_Diff                                         Object/rme_kernel.o
_RME_Fetch_Add_Single                             Object/rme_kernel.o
_RME_Fetch_And_Single                             Object/rme_kernel.o
_RME_Kern_High                                    Object/rme_kernel.o
_RME_Kern_Snd                                     Object/rme_kernel.o
_RME_Kfn_Boot_Crt                                 Object/rme_kernel.o
_RME_Kom_Boot_Crt                                 Object/rme_kernel.o
_RME_Kot_Erase                                    Object/rme_kernel.o
_RME_Kot_Init                                     Object/rme_kernel.o
_RME_Kot_Mark                                     Object/rme_kernel.o
_RME_LSB_Generic                                  Object/rme_kernel.o
_RME_List_Crt                                     Object/rme_kernel.o
_RME_List_Del                                     Object/rme_kernel.o
_RME_List_Ins                                     Object/rme_kernel.o
_RME_MSB_Generic                                  Object/rme_kernel.o
_RME_Memcmp                                       Object/rme_kernel.o
_RME_Memcpy                                       Object/rme_kernel.o
_RME_Pgt_Boot_Add                                 Object/rme_kernel.o
_RME_Pgt_Boot_Con                                 Object/rme_kernel.o
_RME_Pgt_Boot_Crt                                 Object/rme_kernel.o
_RME_Prc_Boot_Crt                                 Object/rme_kernel.o
_RME_Sig_Boot_Crt                                 Object/rme_kernel.o
_RME_Stack_Init                                   Object/rme_benchmark.o
_RME_Svc_Handler                                  Object/rme_kernel.o
_RME_Thd_Boot_Crt                                 Object/rme_kernel.o
_RME_Thd_Fatal                                    Object/rme_kernel.o
_RME_Thd_Pgt                                      Object/rme_kernel.o
_RME_Tim_Elapse                                   Object/rme_kernel.o
_RME_Tim_Future                                   Object/rme_kernel.o
_RME_Tim_Handler                                  Object/rme_kernel.o
_RME_Tsc_Init                                     Object/rme_benchmark.o
__RME_A7A_MSB_Get                                 Object/rme_kernel.o
__RME_A7A_Read_Acquire                            Object/rme_kernel.o
__RME_A7A_Write_Release                           Object/rme_kernel.o
__RME_Boot                                        Object/rme_kernel.o
__RME_Int_Disable                                 Object/rme_kernel.o
__RME_Inv_Reg_Restore                             Object/rme_kernel.o
__RME_Inv_Reg_Save                                Object/rme_kernel.o
__RME_Inv_Retval_Set                              Object/rme_kernel.o
__RME_Kfn_Handler                                 Object/rme_kernel.o
__RME_Lowlvl_Init                                 Object/rme_kernel.o
__RME_Pgt_Check                                   Object/rme_kernel.o
__RME_Pgt_Del_Check                               Object/rme_kernel.o
__RME_Pgt_Init                                    Object/rme_kernel.o
__RME_Pgt_Kom_Init                                Object/rme_kernel.o
__RME_Pgt_Lookup                                  Object/rme_kernel.o
__RME_Pgt_Page_Map                                Object/rme_kernel.o
__RME_Pgt_Page_Unmap                              Object/rme_kernel.o
__RME_Pgt_Pgdir_Map                               Object/rme_kernel.o
__RME_Pgt_Pgdir_Unmap                             Object/rme_kernel.o
__RME_Pgt_Set                                     Object/rme_kernel.o
__RME_Putchar                                     Object/rme_kernel.o
__RME_Svc_Param_Get                               Object/rme_kernel.o
__RME_Svc_Retval_Set                              Object/rme_kernel.o
__RME_Thd_Reg_Copy                                Object/rme_kernel.o
__RME_Thd_Reg_Init                                Object/rme_kernel.o
__USR_Putchar                                     Object/rme_benchmark.o
__aeabi_idiv                                      C:/Toolchain/arm-gnu-toolchain-14.2.rel1-mingw-w64-x86_64-arm-none-eabi/bin/../lib/gcc/arm-none-eabi/14.2.1/thumb/v7-a+simd/softfp\libgcc.a(_divsi3.o)
                                                  Object/rme_kernel.o
                                                  Object/rme_benchmark.o
__aeabi_idiv0                                     C:/Toolchain/arm-gnu-toolchain-14.2.rel1-mingw-w64-x86_64-arm-none-eabi/bin/../lib/gcc/arm-none-eabi/14.2.1/thumb/v7-a+simd/softfp\libgcc.a(_dvmd_tls.o)
                                                  C:/Toolchain/arm-gnu-toolchain-14.2.rel1-mingw-w64-x86_64-arm-none-eabi/bin/../lib/gcc/arm-none-eabi/14.2.1/thumb/v7-a+simd/softfp\libgcc.a(_divsi3.o)
__aeabi_idivmod                                   C:/Toolchain/arm-gnu-toolchain-14.2.rel1-mingw-w64-x86_64-arm-none-eabi/bin/../lib/gcc/arm-none-eabi/14.2.1/thumb/v7-a+simd/softfp\libgcc.a(_divsi3.o)
                                                  Object/rme_kernel.o
                                                  Object/rme_benchmark.o
__aeabi_ldiv0                                     C:/Toolchain/arm-gnu-toolchain-14.2.rel1-mingw-w64-x86_64-arm-none-eabi/bin/../lib/gcc/arm-none-eabi/14.2.1/thumb/v7-a+simd/softfp\libgcc.a(_dvmd_tls.o)
__divsi3                                          C:/Toolchain/arm-gnu-toolchain-14.2.rel1-mingw-w64-x86_64-arm-none-eabi/bin/../lib/gcc/arm-none-eabi/14.2.1/thumb/v7-a+simd/softfp\libgcc.a(_divsi3.o)
__user_setup_stackheap                            Object/rme_benchmark_asm.o
_start                                            Object/u.o
end                                               Object/rme_benchmark.o
get_time                                          Object/rme_benchmark.o
main                                              Object/main.o
start                                             Object/rme_benchmark.o
